#-----------------------------------------------------------
# Vivado v2023.1 (64-bit)
# SW Build 3865809 on Sun May  7 15:05:29 MDT 2023
# IP Build 3864474 on Sun May  7 20:36:21 MDT 2023
# SharedData Build 3865790 on Sun May 07 13:33:03 MDT 2023
# Start of session at: Sat Dec  9 16:56:40 2023
# Process ID: 21112
# Current directory: C:/Users/Maxwiny/Desktop/Freq-Meter/Vivado/freq_meter
# Command line: vivado.exe -gui_launcher_event rodinguilauncherevent21168 C:\Users\Maxwiny\Desktop\Freq-Meter\Vivado\freq_meter\freq_meter.xpr
# Log file: C:/Users/Maxwiny/Desktop/Freq-Meter/Vivado/freq_meter/vivado.log
# Journal file: C:/Users/Maxwiny/Desktop/Freq-Meter/Vivado/freq_meter\vivado.jou
# Running On: LAPTOP-B536QLCF, OS: Windows, CPU Frequency: 3194 MHz, CPU Physical cores: 16, Host memory: 33719 MB
#-----------------------------------------------------------
start_gui
open_project C:/Users/Maxwiny/Desktop/Freq-Meter/Vivado/freq_meter/freq_meter.xpr
update_compile_order -fileset sources_1
close [ open C:/Users/Maxwiny/Desktop/Freq-Meter/Vivado/RTL/bin2bcd.v w ]
add_files C:/Users/Maxwiny/Desktop/Freq-Meter/Vivado/RTL/bin2bcd.v
update_compile_order -fileset sources_1
export_ip_user_files -of_objects  [get_files C:/Users/Maxwiny/Desktop/Freq-Meter/Vivado/RTL/bin2bcd.v] -no_script -reset -force -quiet
remove_files  C:/Users/Maxwiny/Desktop/Freq-Meter/Vivado/RTL/bin2bcd.v
add_files -norecurse {C:/Users/Maxwiny/Desktop/Freq-Meter/Vivado/RTL/bin2bcd32.v C:/Users/Maxwiny/Desktop/Freq-Meter/Vivado/SIM/test_bin2bcd32.v}
update_compile_order -fileset sources_1
move_files -fileset sim_1 [get_files  C:/Users/Maxwiny/Desktop/Freq-Meter/Vivado/SIM/test_bin2bcd32.v]
# Disabling source management mode.  This is to allow the top design properties to be set without GUI intervention.
set_property source_mgmt_mode None [current_project]
set_property top bin2bcd32 [current_fileset]
# Re-enabling previously disabled source management mode.
set_property source_mgmt_mode All [current_project]
update_compile_order -fileset sources_1
launch_runs synth_1 -jobs 16
wait_on_run synth_1
synth_design -rtl -rtl_skip_mlo -name rtl_1
# Disabling source management mode.  This is to allow the top design properties to be set without GUI intervention.
set_property source_mgmt_mode None [current_project]
set_property top test_bin2bcd32 [get_filesets sim_1]
set_property top_lib xil_defaultlib [get_filesets sim_1]
# Re-enabling previously disabled source management mode.
set_property source_mgmt_mode All [current_project]
update_compile_order -fileset sim_1
launch_simulation
source test_bin2bcd32.tcl
run all
relaunch_sim
run all
add_files -norecurse C:/Users/Maxwiny/Desktop/Freq-Meter/Vivado/RTL/seg_drive_8bit.v
update_compile_order -fileset sources_1
# Disabling source management mode.  This is to allow the top design properties to be set without GUI intervention.
set_property source_mgmt_mode None [current_project]
set_property top top [current_fileset]
# Re-enabling previously disabled source management mode.
set_property source_mgmt_mode All [current_project]
update_compile_order -fileset sources_1
copy_run -name impl_1_copy_1 [get_runs impl_1] -parent_run synth_1
set_property part xc7a35tcsg324-1 [current_project]
delete_runs "impl_1_copy_1"
refresh_design
close_design
synth_design -rtl -rtl_skip_mlo -name rtl_1
synth_design -rtl -rtl_skip_mlo -name rtl_1
reset_run synth_1
launch_runs synth_1 -jobs 16
wait_on_run synth_1
create_run synth_2 -flow {Vivado Synthesis 2023}
launch_runs synth_2 -jobs 16
wait_on_run synth_2
current_run [get_runs synth_2]
delete_runs "synth_1"
synth_design -rtl -rtl_skip_mlo -name rtl_1
synth_design -rtl -rtl_skip_mlo -name rtl_1
set_property IOSTANDARD LVCMOS33 [get_ports [list {i_key[4]} {i_key[3]} {i_key[2]} {i_key[1]} {i_key[0]}]]
set_property IOSTANDARD LVCMOS33 [get_ports [list {i_key[4]} {i_key[3]} {i_key[2]} {i_key[1]} {i_key[0]}]]
set_property IOSTANDARD LVCMOS33 [get_ports [list {o_seg[7]} {o_seg[6]} {o_seg[5]} {o_seg[4]} {o_seg[3]} {o_seg[2]} {o_seg[1]} {o_seg[0]}]]
set_property IOSTANDARD LVCMOS33 [get_ports [list {o_seg_pos[7]} {o_seg_pos[6]} {o_seg_pos[5]} {o_seg_pos[4]} {o_seg_pos[3]} {o_seg_pos[2]} {o_seg_pos[1]} {o_seg_pos[0]}]]
set_property IOSTANDARD LVCMOS33 [get_ports [list clk]]
set_property IOSTANDARD LVCMOS33 [get_ports [list rstn]]
set_property package_pin "" [get_ports [list  clk]]
file mkdir C:/Users/Maxwiny/Desktop/Freq-Meter/Vivado/freq_meter/freq_meter.srcs/constrs_1/new
close [ open C:/Users/Maxwiny/Desktop/Freq-Meter/Vivado/freq_meter/freq_meter.srcs/constrs_1/new/io.xdc w ]
add_files -fileset constrs_1 C:/Users/Maxwiny/Desktop/Freq-Meter/Vivado/freq_meter/freq_meter.srcs/constrs_1/new/io.xdc
set_property target_constrs_file C:/Users/Maxwiny/Desktop/Freq-Meter/Vivado/freq_meter/freq_meter.srcs/constrs_1/new/io.xdc [current_fileset -constrset]
save_constraints -force
refresh_design
reset_run synth_2
launch_runs impl_2 -to_step write_bitstream -jobs 16
wait_on_run impl_2
open_hw_manager
connect_hw_server -allow_non_jtag
open_hw_target
set_property PROGRAM.FILE {C:/Users/Maxwiny/Desktop/Freq-Meter/Vivado/freq_meter/freq_meter.runs/impl_2/top.bit} [get_hw_devices xc7a35t_0]
current_hw_device [get_hw_devices xc7a35t_0]
refresh_hw_device -update_hw_probes false [lindex [get_hw_devices xc7a35t_0] 0]
set_property PROBES.FILE {} [get_hw_devices xc7a35t_0]
set_property FULL_PROBES.FILE {} [get_hw_devices xc7a35t_0]
set_property PROGRAM.FILE {C:/Users/Maxwiny/Desktop/Freq-Meter/Vivado/freq_meter/freq_meter.runs/impl_2/top.bit} [get_hw_devices xc7a35t_0]
program_hw_devices [get_hw_devices xc7a35t_0]
refresh_hw_device [lindex [get_hw_devices xc7a35t_0] 0]
reset_run impl_2 -prev_step 
launch_runs impl_2 -to_step write_bitstream -jobs 16
wait_on_run impl_2
reset_run impl_2 -prev_step 
reset_run impl_2 -prev_step 
reset_run synth_2
launch_runs impl_2 -to_step write_bitstream -jobs 16
wait_on_run impl_2
set_property PROBES.FILE {} [get_hw_devices xc7a35t_0]
set_property FULL_PROBES.FILE {} [get_hw_devices xc7a35t_0]
set_property PROGRAM.FILE {C:/Users/Maxwiny/Desktop/Freq-Meter/Vivado/freq_meter/freq_meter.runs/impl_2/top.bit} [get_hw_devices xc7a35t_0]
program_hw_devices [get_hw_devices xc7a35t_0]
refresh_hw_device [lindex [get_hw_devices xc7a35t_0] 0]
reset_run synth_2
launch_runs impl_2 -to_step write_bitstream -jobs 16
wait_on_run impl_2
set_property PROBES.FILE {} [get_hw_devices xc7a35t_0]
set_property FULL_PROBES.FILE {} [get_hw_devices xc7a35t_0]
set_property PROGRAM.FILE {C:/Users/Maxwiny/Desktop/Freq-Meter/Vivado/freq_meter/freq_meter.runs/impl_2/top.bit} [get_hw_devices xc7a35t_0]
program_hw_devices [get_hw_devices xc7a35t_0]
refresh_hw_device [lindex [get_hw_devices xc7a35t_0] 0]
reset_run synth_2
launch_runs impl_2 -to_step write_bitstream -jobs 16
wait_on_run impl_2
set_property PROBES.FILE {} [get_hw_devices xc7a35t_0]
set_property FULL_PROBES.FILE {} [get_hw_devices xc7a35t_0]
set_property PROGRAM.FILE {C:/Users/Maxwiny/Desktop/Freq-Meter/Vivado/freq_meter/freq_meter.runs/impl_2/top.bit} [get_hw_devices xc7a35t_0]
program_hw_devices [get_hw_devices xc7a35t_0]
refresh_hw_device [lindex [get_hw_devices xc7a35t_0] 0]
reset_run synth_2
launch_runs impl_2 -to_step write_bitstream -jobs 16
wait_on_run impl_2
reset_run synth_2
launch_runs impl_2 -to_step write_bitstream -jobs 16
wait_on_run impl_2
set_property PROBES.FILE {} [get_hw_devices xc7a35t_0]
set_property FULL_PROBES.FILE {} [get_hw_devices xc7a35t_0]
set_property PROGRAM.FILE {C:/Users/Maxwiny/Desktop/Freq-Meter/Vivado/freq_meter/freq_meter.runs/impl_2/top.bit} [get_hw_devices xc7a35t_0]
program_hw_devices [get_hw_devices xc7a35t_0]
refresh_hw_device [lindex [get_hw_devices xc7a35t_0] 0]
reset_run synth_2
launch_runs impl_2 -to_step write_bitstream -jobs 16
wait_on_run impl_2
close [ open C:/Users/Maxwiny/Desktop/Freq-Meter/Vivado/RTL/freq_meter.v w ]
add_files C:/Users/Maxwiny/Desktop/Freq-Meter/Vivado/RTL/freq_meter.v
update_compile_order -fileset sources_1
set_property PROBES.FILE {} [get_hw_devices xc7a35t_0]
set_property FULL_PROBES.FILE {} [get_hw_devices xc7a35t_0]
set_property PROGRAM.FILE {C:/Users/Maxwiny/Desktop/Freq-Meter/Vivado/freq_meter/freq_meter.runs/impl_2/top.bit} [get_hw_devices xc7a35t_0]
program_hw_devices [get_hw_devices xc7a35t_0]
refresh_hw_device [lindex [get_hw_devices xc7a35t_0] 0]
close_sim
